AR display1 behavioral "D:/MEGA/Education/University/FCRIT 2020/Files/3rd year/SEM 6/Projects/Mini project/Files/display1/display1.vhd" sub00/vhpl01 1651090268
EN display1 NULL "D:/MEGA/Education/University/FCRIT 2020/Files/3rd year/SEM 6/Projects/Mini project/Files/display1/display1.vhd" sub00/vhpl00 1651090267
